math_feature_commit=44ba0077eda1e2321a96281cf8f207bee29b5be5
math_feature_tree=482ea8e60faab01f93d9997f0c2868013420d2ac
canonical_tracked_tree_sha256=afd431dc742da9df0ec71987326313e015aad88fed72281dc6f8ff8bf1a790f9
canonical_worktree_diff_sha256=e3b0c44298fc1c149afbf4c8996fb92427ae41e4649b934ca495991b7852b855
math_commit=5de716c896065c03c0a470d015ba2a328a527f73
math_tree=56e37a5058c80e69f3c343b8ae624c08b5417229
math_shallow=false
math_status_sha256=e3b0c44298fc1c149afbf4c8996fb92427ae41e4649b934ca495991b7852b855
fc_commit=e13dd7284e72012a1616806d09cb6b8025e387af
fc_tree=7d2b7c17ff144393c2b4a39973ed212387b3e783
fc_shallow=false
fc_status_sha256=e3b0c44298fc1c149afbf4c8996fb92427ae41e4649b934ca495991b7852b855
lean_commit=accf62cb636c8909dd7e098e3f82b2140d3a192e
lean_tree=608ce332d1d5d8f14abc7d39349f4a29102f5aba
lean_shallow=false
lean_status_sha256=e3b0c44298fc1c149afbf4c8996fb92427ae41e4649b934ca495991b7852b855
vela_commit=88fcc0105eba35ee22ed1816d3aabba3322bebc1
vela_tree=2cb85fe1e1c3525ba97ff2aec25945417ea7b372
vela_shallow=false
vela_status_sha256=e3b0c44298fc1c149afbf4c8996fb92427ae41e4649b934ca495991b7852b855
