{
  "schema": "vela.status.v4",
  "ok": true,
  "command": "status",
  "repository": {
    "id": "71c20c8d-a91c-47b6-a62a-002b66875a57",
    "name": "RESULTS-BREAKTHROUGH-01 disposable session",
    "profile_root": "sha256:28eca86dbf744febec4039b8ecb4f03b064094364ef53864cd870ced30b0c244"
  },
  "git": {
    "role": "repository_head",
    "commit": "aca01bafd229478a181002b2cc587aa96c53fb8c",
    "tree": "b182b3d247dc93be27b91495a299293fa210757d"
  },
  "integrity": {
    "replay": "verified",
    "strict": "pass",
    "blocker_count": 0,
    "blockers_by_code": {}
  },
  "roots": {
    "origin": "sha256:30ba60cd23ee63234f453eb81f5bc6cbaa45cb547c705e08636b325c7063739f",
    "repository": "sha256:bc3e56d52da5eafa5af8991a8a817745eadee353858418a46fb0cf3e8eb0f486",
    "authority_keyset": "sha256:6dededfeacbbd6301457687840d0a74e68e4e30fbe63eeb6ed143e6449a1c4d1",
    "authority_policy": "sha256:a9f48372545c372ffd70913582cf63b625a75fedf0928ea2fd32d7cae583177b"
  },
  "counts": {
    "claims": 0,
    "accepted_claims": 0,
    "pending_claims": 0,
    "pending_review": 0,
    "accepted_review": 0,
    "rejected_review": 1,
    "withdrawn_review": 0,
    "submissions": 1,
    "verifications": 1,
    "artifacts": 3
  },
  "decision_inbox": {
    "pending_count": 0,
    "protocol_ready_count": 0,
    "protocol_blocked_count": 0,
    "projection_root": "sha256:8b3ab933b4afd6798d596a6329c82528acc737f8238efcc50ec67270ed6df5c4",
    "first_entry_root": null
  },
  "actions": {
    "review": null,
    "work": {
      "mode": "direct_submission",
      "command": "vela submit --repo /fixture/session/repo --help",
      "note": "Submit bounded evidence directly."
    }
  }
}
