math_feature_commit=50f0eba6c12422fa84a2d388af3ee928486618f6
math_feature_tree=c7140c6f9a760b56a5de84f5d4246d8fc36c479d
ordering_adapter_sha256=35f6b70adc1ad7dc6d70ea33769db80c8604ee306ef6e329a32f55f8ce09bf50
prior_failed_fixture_init_sha256=f7e81c90a9aaf16d013e472c66c155b999d03bc42f6b9ca02477f5e5c41ee41c
canonical_tracked_tree_sha256=afd431dc742da9df0ec71987326313e015aad88fed72281dc6f8ff8bf1a790f9
canonical_worktree_diff_sha256=e3b0c44298fc1c149afbf4c8996fb92427ae41e4649b934ca495991b7852b855
math_commit=5de716c896065c03c0a470d015ba2a328a527f73
math_tree=56e37a5058c80e69f3c343b8ae624c08b5417229
math_shallow=false
math_status_sha256=e3b0c44298fc1c149afbf4c8996fb92427ae41e4649b934ca495991b7852b855
fc_commit=e13dd7284e72012a1616806d09cb6b8025e387af
fc_tree=7d2b7c17ff144393c2b4a39973ed212387b3e783
fc_shallow=false
fc_status_sha256=e3b0c44298fc1c149afbf4c8996fb92427ae41e4649b934ca495991b7852b855
lean_commit=accf62cb636c8909dd7e098e3f82b2140d3a192e
lean_tree=608ce332d1d5d8f14abc7d39349f4a29102f5aba
lean_shallow=false
lean_status_sha256=e3b0c44298fc1c149afbf4c8996fb92427ae41e4649b934ca495991b7852b855
vela_commit=88fcc0105eba35ee22ed1816d3aabba3322bebc1
vela_tree=2cb85fe1e1c3525ba97ff2aec25945417ea7b372
vela_shallow=false
vela_status_sha256=e3b0c44298fc1c149afbf4c8996fb92427ae41e4649b934ca495991b7852b855
