{
  "authority_keyset_root": "sha256:f08d9a9f44facee74b21b5b9f2108a30f924db75061d1a7363b937a630282582",
  "authority_model_root": "sha256:d6bc31dc34094944d873a00f2709715814b994961f421fb232f0e46e719aac7d",
  "command": "replay",
  "counts": {
    "accepted_claims": 0,
    "artifacts": 2,
    "pending_claims": 0,
    "proposal_withdrawals": 0,
    "proposals": 1,
    "submissions": 1,
    "verifications": 1
  },
  "git_commit": "e440476b09c5f38ed9bca7c308a30a949a74900b",
  "git_tree": "7a480b8aaad9d216a5458855306a9b5a88160491",
  "ok": true,
  "origin_id": "vro_5aed2b1ead1cb304",
  "origin_root": "sha256:5aed2b1ead1cb304976fe387726267d1896da6fb3be192ca57b0df3a667a1292",
  "repository_id": "c656da87-995f-436b-a4c1-d474c9033b1b",
  "repository_path": "/qualification/routes/V/repo",
  "repository_root": "sha256:5260c7588c2266bfe327edac13640250ba0aabeaf33b0ddafb908b81e13a040f",
  "schema": "vela.repository-verification.v3"
}
