{
  "authority_boundary": "Verification records report bounded checks. A producer may close its own pending Proposal; only a repository-authority Decision can change accepted scientific Standing.",
  "claim": {
    "assertion": {
      "kind": "theoretical",
      "text": "Non-scoring runner qualification fixture completed; no scientific assertion."
    },
    "claim_id": "vcl_4eba9e49066b5fd6961baf283a5b105b4ebab75021e8bca625c76cd0d49f8c3e",
    "conditions": [
      "Caveat: Disposable runner qualification only; no scientific truth, utility, canonical authority, or Standing."
    ],
    "created_at": "2026-08-21T02:37:40Z",
    "evidence": [
      {
        "artifact_path": "records/artifacts/sha256/b6a44156d823d6d149f7361154deda2f2a9fd15b72fea740dd34bc65e4c11d83",
        "artifact_root": "sha256:b6a44156d823d6d149f7361154deda2f2a9fd15b72fea740dd34bc65e4c11d83",
        "relation": "supports"
      }
    ],
    "provenance": [
      {
        "authors": [
          "agent:runner-qualification"
        ],
        "kind": "submission",
        "title": "Authenticated Submission vsb_f22204482fbfe6d2",
        "year": 2026
      }
    ],
    "relations": [],
    "revision": 1,
    "schema": "vela.claim-record.v1"
  },
  "command": "review.show",
  "decision": {
    "actor": "agent:qualification-owner",
    "actor_class": "agent",
    "applied_event_id": null,
    "authority_principal_id": "local:device-sha256:5a24c768e4c15195c18e1693126ebd64d8aa96b7105809dc4e6ae6018203c6fe|uid:0",
    "decided_at": "2026-08-21T02:37:43Z",
    "event_id": "vev_d5a567e17bfd67c1",
    "event_root": "sha256:0752916bb8a4a275835269f100d80583b7c8dbb2ed0e94fe6ab756a413f042cc",
    "reason": "Qualification fixture only; rejection prevents any scientific or Standing interpretation.",
    "session_ref": "RUNNER-E2E-QUALIFICATION-2026-08-21",
    "standing": "rejected"
  },
  "decision_inbox": {
    "entry": null,
    "projection_root": "sha256:d04e74925cedb11152041eaee213babf3033227a708bb606c287f3ba9fcc1c24"
  },
  "ok": true,
  "proposal": {
    "action": "claim.add",
    "actor": "agent:runner-qualification",
    "caveats": [
      "Disposable runner qualification only; no scientific truth, utility, canonical authority, or Standing."
    ],
    "created_at": "2026-08-21T02:37:41Z",
    "producer_package": {
      "id": "vsb_f22204482fbfe6d2",
      "kind": "submission",
      "path": "records/submissions/sha256/f22204482fbfe6d2a73c654b9d0069a66dc975ca71d99217a6a5171bd1fc0114.json",
      "root": "sha256:f22204482fbfe6d2a73c654b9d0069a66dc975ca71d99217a6a5171bd1fc0114"
    },
    "reason": "Retain authenticated Submission vsb_f22204482fbfe6d2 for independent verification and authorized review.",
    "schema": "vela.proposal.v1",
    "subject": {
      "id": "vcl_4eba9e49066b5fd6961baf283a5b105b4ebab75021e8bca625c76cd0d49f8c3e",
      "kind": "claim",
      "root": "sha256:b93e9c585a7e11b2d8b1796771b60c9907c33be7769771e8e820bca69c55be85"
    }
  },
  "proposal_id": "vpr_6803638b8ebdee56",
  "proposal_root": "sha256:6803638b8ebdee560966063f895440e15e6dbf543b6e6dc70a354d7e688b64f5",
  "repository_id": "c656da87-995f-436b-a4c1-d474c9033b1b",
  "repository_root": "sha256:5260c7588c2266bfe327edac13640250ba0aabeaf33b0ddafb908b81e13a040f",
  "schema": "vela.review.v1",
  "status": "rejected",
  "submission": {
    "artifacts": [
      {
        "digest": "sha256:b6a44156d823d6d149f7361154deda2f2a9fd15b72fea740dd34bc65e4c11d83",
        "kind": "qualification-output",
        "path": "result.json"
      }
    ],
    "caveats": [
      "Disposable runner qualification only; no scientific truth, utility, canonical authority, or Standing."
    ],
    "claim": {
      "assertion": "Non-scoring runner qualification fixture completed; no scientific assertion.",
      "conditions": [],
      "type": "theoretical"
    },
    "identity": {
      "actor_class": "agent",
      "actor_id": "agent:runner-qualification",
      "declared_at": "2026-08-21T02:37:40Z",
      "public_key_hex": "1a4a6519cf851722f26068908009542d0b9ce0598a013e062055571f2f308c60",
      "schema": "vela.signer-identity.v1"
    },
    "producer_checks": [],
    "provenance": {
      "emitted_at": "2026-08-21T02:37:40Z",
      "producer": "agent:runner-qualification",
      "source_run": "RUNNER-E2E-QUALIFICATION-2026-08-21",
      "source_system": "vela-cli"
    },
    "replayability": "exact",
    "requested_change": {
      "kind": "add_claim"
    },
    "schema": "vela.submission.v3",
    "verification_requirements": [
      "Exact non-scoring qualification output retention"
    ]
  },
  "verification_records": [
    {
      "record": {
        "completed_at": "2026-08-21T02:37:41Z",
        "identity": {
          "actor_class": "agent",
          "actor_id": "verifier:runner-qualification",
          "declared_at": "2026-08-21T02:37:41Z",
          "public_key_hex": "f133ab2a9188510cf6b3fb0f626fb6079f6126e2f8b3cd823c153a6c62e94d69",
          "schema": "vela.signer-identity.v1"
        },
        "independence": {
          "declared_independent_of": [],
          "shared_dependencies": [
            "Same operator and Docker Desktop host as candidate execution; this is an end-to-end path check, not an independence claim."
          ]
        },
        "method": {
          "environment_root": "sha256:734e0d04673e211e98782b187734b2d93a5cc68e22695f8090ddecd16bba3dc7",
          "implementation": "methods/runner-e2e.json",
          "profile": "runner-e2e-qualification"
        },
        "outcome": "pass",
        "output_artifact_ids": [
          "ebef2d207078049d49e9453566177009302a38f94db7d98850b34a45aeefdcd2"
        ],
        "schema": "vela.verification-record.v2",
        "scope": {
          "does_not_establish": [
            "Any scientific claim, mathematical truth, benchmark result, comparative utility, source-owner approval, canonical authority, or Standing.",
            "Organizational, operator, host, provider, model, or source independence."
          ],
          "property": "Exact non-scoring qualification output retention"
        },
        "started_at": "2026-08-21T02:37:41Z",
        "subject": {
          "artifact_ids": [
            "b6a44156d823d6d149f7361154deda2f2a9fd15b72fea740dd34bc65e4c11d83"
          ],
          "claim_id": "vcl_4eba9e49066b5fd6961baf283a5b105b4ebab75021e8bca625c76cd0d49f8c3e",
          "proposal_id": "vpr_6803638b8ebdee56",
          "proposal_root": "sha256:6803638b8ebdee560966063f895440e15e6dbf543b6e6dc70a354d7e688b64f5",
          "submission_id": "vsb_f22204482fbfe6d2",
          "submission_root": "sha256:f22204482fbfe6d2a73c654b9d0069a66dc975ca71d99217a6a5171bd1fc0114"
        }
      },
      "verification_record_id": "vvr_5658e1433a740e87",
      "verification_record_root": "sha256:5658e1433a740e87b963ec94685fe92fc09b5e4be497378487ca3c7da7bdd258"
    }
  ],
  "withdrawal": null
}
