exit_code=0
stdout_sha256=aae6f29b571a11d237d4e45c107ec37f70598a747db54baff5762be77a2ac7fb
stderr_sha256=e3b0c44298fc1c149afbf4c8996fb92427ae41e4649b934ca495991b7852b855
exit_code=0
stdout_sha256=1ecbafe10dfbc5d64fae37382800fe2e1da28945fcc780602be28aa35c8122cb
stderr_sha256=e3b0c44298fc1c149afbf4c8996fb92427ae41e4649b934ca495991b7852b855
exit_code=0
stdout_sha256=18bda5d9769fd2482031f8b85c5c514a207147536f4ab609a9ae3a606043a669
stderr_sha256=e3b0c44298fc1c149afbf4c8996fb92427ae41e4649b934ca495991b7852b855
exit_code=0
stdout_sha256=29dbfaa61e9c4145e8b60f2cbd7f04b41b7e80684259802513ab5ac32d18492b
stderr_sha256=e3b0c44298fc1c149afbf4c8996fb92427ae41e4649b934ca495991b7852b855
exit_code=0
stdout_sha256=81066eb39820b02d880621223b5bbad44f004f7bc3abe8c1cb768aa92ab328d4
stderr_sha256=e3b0c44298fc1c149afbf4c8996fb92427ae41e4649b934ca495991b7852b855
exit_code=0
stdout_sha256=a8c7e7fe61e913cc7af66d95883e1094d522c49d2e0ad405c2dcf51b59236311
stderr_sha256=e3b0c44298fc1c149afbf4c8996fb92427ae41e4649b934ca495991b7852b855
exit_code=0
stdout_sha256=9ab4985636b2b8e0a1c579d49e4af9f30d7a366be5f9d6cb910df926d1f2c861
stderr_sha256=e3b0c44298fc1c149afbf4c8996fb92427ae41e4649b934ca495991b7852b855
exit_code=0
stdout_sha256=cbbfbbce2fb3aa3e1a11fdd841df96ac4c5e921271a98de5ca04b4914c97137e
stderr_sha256=e3b0c44298fc1c149afbf4c8996fb92427ae41e4649b934ca495991b7852b855
exit_code=0
stdout_sha256=7501dc6df0fa68820f6f7c13c7674b4a4c274bfa12ac0bbf1df0749fffc72285
stderr_sha256=e3b0c44298fc1c149afbf4c8996fb92427ae41e4649b934ca495991b7852b855
exit_code=0
stdout_sha256=e3b0c44298fc1c149afbf4c8996fb92427ae41e4649b934ca495991b7852b855
stderr_sha256=e3b0c44298fc1c149afbf4c8996fb92427ae41e4649b934ca495991b7852b855
exit_code=0
stdout_sha256=930789bad1649d2eb78205e8543a76ee333a10122fb41db0522a333dbd1bd1fe
stderr_sha256=5cb4ba695bd71cf9e3c5a30dfa58b31565d4d1e727c1d72ffcea9408514aa577
exit_code=0
stdout_sha256=e3b0c44298fc1c149afbf4c8996fb92427ae41e4649b934ca495991b7852b855
stderr_sha256=372a98000617f3d28b9ce23b994077343824bd02ff81e49f0e4e760dec385d1f
exit_code=0
stdout_sha256=e3b0c44298fc1c149afbf4c8996fb92427ae41e4649b934ca495991b7852b855
stderr_sha256=e3b0c44298fc1c149afbf4c8996fb92427ae41e4649b934ca495991b7852b855
exit_code=0
stdout_sha256=a38e7f16a1f46170eba8b6cd67342fc5829d8f5e8232b37b8eb4cb72c1e43fc5
stderr_sha256=e3b0c44298fc1c149afbf4c8996fb92427ae41e4649b934ca495991b7852b855
exit_code=0
stdout_sha256=c6af83d154d627a304bcd797e9d0d1ed310534d56b069cd43febb9f48375eb09
stderr_sha256=e3b0c44298fc1c149afbf4c8996fb92427ae41e4649b934ca495991b7852b855
exit_code=0
stdout_sha256=a8c7e7fe61e913cc7af66d95883e1094d522c49d2e0ad405c2dcf51b59236311
stderr_sha256=e3b0c44298fc1c149afbf4c8996fb92427ae41e4649b934ca495991b7852b855
fixture_lifecycle=pass
proposal_id=vpr_aff0c9c9ac1d47a6
